// Vitest Snapshot v1

exports[`promise limit  > snapshot 1`] = `"whatever"`;
